main.c:82:6:HAL_TIM_PeriodElapsedCallback	16	static
main.c:90:6:HAL_UART_RxCpltCallback	16	static
main.c:107:5:main	8	static
main.c:166:6:SystemClock_Config	128	static
main.c:225:13:MX_I2C1_Init	8	static
main.c:271:13:MX_RTC_Init	8	static
main.c:305:13:MX_SPI1_Init	8	static
main.c:345:6:MX_TIM2_Init	40	static
main.c:391:13:MX_UART4_Init	8	static
main.c:426:13:MX_UART5_Init	8	static
main.c:461:6:MX_USART1_UART_Init	8	static
main.c:496:13:MX_USART2_UART_Init	8	static
main.c:531:13:MX_USART3_UART_Init	8	static
main.c:566:13:MX_USB_PCD_Init	8	static
main.c:597:13:MX_GPIO_Init	56	static
main.c:647:1:__io_putchar	16	static
main.c:661:6:Error_Handler	4	static,ignoring_inline_asm
