main.c:81:6:HAL_TIM_PeriodElapsedCallback	16	static
main.c:89:6:HAL_UART_RxCpltCallback	16	static
main.c:104:5:main	8	static
main.c:158:6:SystemClock_Config	128	static
main.c:217:13:MX_I2C1_Init	8	static
main.c:263:13:MX_RTC_Init	8	static
main.c:297:13:MX_SPI1_Init	8	static
main.c:337:6:MX_TIM2_Init	40	static
main.c:383:13:MX_UART4_Init	8	static
main.c:418:13:MX_UART5_Init	8	static
main.c:453:6:MX_USART1_UART_Init	8	static
main.c:488:13:MX_USART2_UART_Init	8	static
main.c:523:13:MX_USART3_UART_Init	8	static
main.c:558:13:MX_USB_PCD_Init	8	static
main.c:589:13:MX_GPIO_Init	56	static
main.c:639:1:__io_putchar	16	static
main.c:653:6:Error_Handler	4	static,ignoring_inline_asm
