plog.c:126:6:_help	24	static
plog.c:137:6:_ResetHW	16	static
plog.c:143:6:_Simulate	24	static
plog.c:148:6:_ATCmdTest	24	static
plog.c:166:6:_set_plog	32	static
plog.c:195:6:_plog_parser	32	static
plog.c:212:6:bool_dbg_fnc	16	static
stdio.h:214:5:fputc	40	static
plog.c:260:6:USBPlog_callback	4	static
plog.c:280:6:Plog_callback	16	static
plog.c:302:6:Plog_timeout_callback	16	static
plog.c:318:6:PLOG_Run	8	static
plog.c:389:6:PLOG_Init	8	static
plog.c:477:6:PLOG_Stop	16	static
plog.c:480:6:PLOG_Start	16	static
plog.c:484:6:PLG_PrintHexBuffer	24	static
